------------------------------------------------------------
Timing Analyzer Summary
------------------------------------------------------------

Type  : Slow 1200mV 85C Model Setup 'ADC:ADC0|ADC_SCLK'
Slack : -6.378
TNS   : -47.732

Type  : Slow 1200mV 85C Model Setup 'ADC:ADC0|STT[0]'
Slack : -6.145
TNS   : -45.247

Type  : Slow 1200mV 85C Model Setup 'CLOCK_50'
Slack : -4.316
TNS   : -23.216

Type  : Slow 1200mV 85C Model Hold 'ADC:ADC0|STT[0]'
Slack : 0.085
TNS   : 0.000

Type  : Slow 1200mV 85C Model Hold 'ADC:ADC0|ADC_SCLK'
Slack : 0.306
TNS   : 0.000

Type  : Slow 1200mV 85C Model Hold 'CLOCK_50'
Slack : 0.377
TNS   : 0.000

Type  : Slow 1200mV 85C Model Minimum Pulse Width 'CLOCK_50'
Slack : -3.000
TNS   : -15.000

Type  : Slow 1200mV 85C Model Minimum Pulse Width 'ADC:ADC0|STT[0]'
Slack : 0.349
TNS   : 0.000

Type  : Slow 1200mV 85C Model Minimum Pulse Width 'ADC:ADC0|ADC_SCLK'
Slack : 0.395
TNS   : 0.000

Type  : Slow 1200mV 0C Model Setup 'ADC:ADC0|ADC_SCLK'
Slack : -5.796
TNS   : -42.041

Type  : Slow 1200mV 0C Model Setup 'ADC:ADC0|STT[0]'
Slack : -5.494
TNS   : -39.710

Type  : Slow 1200mV 0C Model Setup 'CLOCK_50'
Slack : -3.817
TNS   : -19.426

Type  : Slow 1200mV 0C Model Hold 'ADC:ADC0|STT[0]'
Slack : 0.098
TNS   : 0.000

Type  : Slow 1200mV 0C Model Hold 'ADC:ADC0|ADC_SCLK'
Slack : 0.289
TNS   : 0.000

Type  : Slow 1200mV 0C Model Hold 'CLOCK_50'
Slack : 0.336
TNS   : 0.000

Type  : Slow 1200mV 0C Model Minimum Pulse Width 'CLOCK_50'
Slack : -3.000
TNS   : -15.000

Type  : Slow 1200mV 0C Model Minimum Pulse Width 'ADC:ADC0|STT[0]'
Slack : 0.419
TNS   : 0.000

Type  : Slow 1200mV 0C Model Minimum Pulse Width 'ADC:ADC0|ADC_SCLK'
Slack : 0.439
TNS   : 0.000

Type  : Fast 1200mV 0C Model Setup 'ADC:ADC0|ADC_SCLK'
Slack : -4.068
TNS   : -24.367

Type  : Fast 1200mV 0C Model Setup 'ADC:ADC0|STT[0]'
Slack : -3.542
TNS   : -22.626

Type  : Fast 1200mV 0C Model Setup 'CLOCK_50'
Slack : -2.385
TNS   : -8.776

Type  : Fast 1200mV 0C Model Hold 'ADC:ADC0|STT[0]'
Slack : 0.029
TNS   : 0.000

Type  : Fast 1200mV 0C Model Hold 'ADC:ADC0|ADC_SCLK'
Slack : 0.172
TNS   : 0.000

Type  : Fast 1200mV 0C Model Hold 'CLOCK_50'
Slack : 0.197
TNS   : 0.000

Type  : Fast 1200mV 0C Model Minimum Pulse Width 'CLOCK_50'
Slack : -3.000
TNS   : -15.630

Type  : Fast 1200mV 0C Model Minimum Pulse Width 'ADC:ADC0|STT[0]'
Slack : 0.320
TNS   : 0.000

Type  : Fast 1200mV 0C Model Minimum Pulse Width 'ADC:ADC0|ADC_SCLK'
Slack : 0.329
TNS   : 0.000

------------------------------------------------------------
